{
    "genome": {
        "content": [
            "genome.fa:md5,4bad9f4b18056156a81f7f952abbe125",
            "genome.fa.fai:md5,6f4c0ce5258e6948135ad006e1f9ee1b"
        ],
        "timestamp": "2023-10-30T11:48:43+0000"
    },
    "trimgalore": {
        "content": [
            "OSMOTIC_STRESS_T0_PE_REP1_T1_REP1_T1_TT0001_1_val_1_fastqc.html:md5,3d9f17c9263c0d479331c0a3b3e92a5d",
            "OSMOTIC_STRESS_T0_PE_REP1_T1_REP1_T1_TT0001_2_val_2_fastqc.html:md5,6db248bfca87dfa54b310d78489a1f36",
            "OSMOTIC_STRESS_T0_PE_REP1_T1_REP1_T1_TT0010_1_val_1_fastqc.html:md5,d5509b2474942780a257f79c63b8cc4a",
            "OSMOTIC_STRESS_T0_PE_REP1_T1_REP1_T1_TT0010_2_val_2_fastqc.html:md5,e5f2b97a776ddc7c75b267d80c64e330",
            "OSMOTIC_STRESS_T100_SE_REP1_T1_REP1_T1_TT0001_trimmed_fastqc.html:md5,9ea4cfe3331c0e5e0352da3a715e978c",
            "OSMOTIC_STRESS_T100_SE_REP1_T1_REP1_T1_TT0010_trimmed_fastqc.html:md5,bec7ab4582ee8d60916a2aebc2c296b9"
        ],
        "timestamp": "2023-10-30T11:48:43+0000"
    },
    "fastqc": {
        "content": [
            "OSMOTIC_STRESS_T0_PE_REP1_T1_REP1_T1_TT0001_1_fastqc.html:md5,6fc0b03c8198f12ca27e292216b26ed6",
            "OSMOTIC_STRESS_T0_PE_REP1_T1_REP1_T1_TT0001_2_fastqc.html:md5,82f7db4674ed9fc93aed0fae4308193c",
            "OSMOTIC_STRESS_T0_PE_REP1_T1_REP1_T1_TT0010_1_fastqc.html:md5,bfa02dcf10235139bba36ed4a5a17cdc",
            "OSMOTIC_STRESS_T0_PE_REP1_T1_REP1_T1_TT0010_2_fastqc.html:md5,e1877713f9682f21dbe6992ecf26dca2",
            "OSMOTIC_STRESS_T100_SE_REP1_T1_REP1_T1_TT0001_fastqc.html:md5,c16a992ccd87ccfec2a4c10dcfd80645",
            "OSMOTIC_STRESS_T100_SE_REP1_T1_REP1_T1_TT0010_fastqc.html:md5,b67b75174da07e41d3e1bd9ea308a93b"
        ],
        "timestamp": "2023-10-30T11:48:43+0000"
    },
    "igv": {
        "content": [
            "igv_files.txt:md5,31b2edee1fd7426251412a29b46f43fc",
            "igv_session.xml:md5,2b2ede5774160fa7004e6dc4c1bec428"
        ],
        "timestamp": "2023-10-30T11:48:43+0000"
    },
    "bwa": {
        "content": [
            "OSMOTIC_STRESS_T0_PE_REP1_T1_REP1.mLb.clN.bigWig:md5,5050e85aaa9908ea47580b57bba85d80",
            "OSMOTIC_STRESS_T100_SE_REP1_T1_REP1.mLb.clN.bigWig:md5,7e2e1d7325ec02c88faf2b6c5c8fa921",
            "OSMOTIC_STRESS_T0_PE_REP1_T1_REP1.mLb.clN.scale_factor.txt:md5,39ab5a1d2b10047d9186edd7db762f51",
            "OSMOTIC_STRESS_T100_SE_REP1_T1_REP1.mLb.clN.scale_factor.txt:md5,76c10c59e3a87673ebe8714427e11d16",
            "OSMOTIC_STRESS_T0_PE_REP1_T1_REP1.mLb.clN_peaks.broadPeak:md5,8119ac4aba453170263448351359857a",
            "OSMOTIC_STRESS_T0_PE_REP1_T1_REP1.mLb.clN_peaks.gappedPeak:md5,713961160873cf53b71252211dc50fa5",
            "OSMOTIC_STRESS_T0_PE_REP1_T1_REP1.mLb.clN_peaks.xls:md5,b0ffd832871cf7a7bf88f14eb87d761b",
            "OSMOTIC_STRESS_T100_SE_REP1_T1_REP1.mLb.clN_peaks.broadPeak:md5,78b0fd1c2ed3576ff852d27325fb140f",
            "OSMOTIC_STRESS_T100_SE_REP1_T1_REP1.mLb.clN_peaks.gappedPeak:md5,d6289e935e220532f388d9a291b4d6a4",
            "OSMOTIC_STRESS_T100_SE_REP1_T1_REP1.mLb.clN_peaks.xls:md5,e8a6362c9fcb9ea6ca9c2c85e1344116",
            "consensus_peaks.mLb.clN.bed:md5,a0873f615452344a132f5b29c78cc0af",
            "consensus_peaks.mLb.clN.boolean.intersect.txt:md5,3329fb2ba4e08b0a75bc30cd70ba315f",
            "consensus_peaks.mLb.clN.boolean.txt:md5,77ffcf27b3b00c4343eee56a226f5038",
            "consensus_peaks.mLb.clN.saf:md5,0e34c17f0abbc4a9bc0416d8a0c81047",
            "OSMOTIC_STRESS_T0_PE_REP1_T1_REP1.mLb.clN_peaks.FRiP_mqc.tsv:md5,642160f3a2640b1d1e806eda028a12dd",
            "OSMOTIC_STRESS_T0_PE_REP1_T1_REP1.mLb.clN_peaks.count_mqc.tsv:md5,cbfbe064241788d65ed0ee8a6192c1fd",
            "OSMOTIC_STRESS_T100_SE_REP1_T1_REP1.mLb.clN_peaks.FRiP_mqc.tsv:md5,e2527150dc4bfee6535526103cf622f3",
            "OSMOTIC_STRESS_T100_SE_REP1_T1_REP1.mLb.clN_peaks.count_mqc.tsv:md5,d5f9fbf37d991bd016b66cb1726915ae",
            "macs2_annotatePeaks.mLb.clN.summary.txt:md5,fb6be85317560fd5172ab804d94774ab",
            "macs2_annotatePeaks.mLb.clN.summary_mqc.tsv:md5,205019f23a205525702d3de93ebf988d",
            "OSMOTIC_STRESS_T0_PE_REP1_T1_REP1.mLb.clN.sorted.bam.flagstat:md5,3a9ec7909a438ee1981400279bd61628",
            "OSMOTIC_STRESS_T0_PE_REP1_T1_REP1.mLb.clN.sorted.bam.idxstats:md5,366f5f26aaeae147a0dcf9106d0f634c",
            "OSMOTIC_STRESS_T0_PE_REP1_T1_REP1.mLb.clN.sorted.bam.stats:md5,fbd9b9cd618304963e14d92574b572b0",
            "OSMOTIC_STRESS_T0_PE_REP1_T1_REP1.mLb.mkD.sorted.bam.flagstat:md5,2b3c4439cddd390090425ab9492d6b94",
            "OSMOTIC_STRESS_T0_PE_REP1_T1_REP1.mLb.mkD.sorted.bam.idxstats:md5,43e889f536d8fcaad3adb386c3b4fab2",
            "OSMOTIC_STRESS_T0_PE_REP1_T1_REP1.mLb.mkD.sorted.bam.stats:md5,a52d921b38c7d24a1873deee8520a823",
            "OSMOTIC_STRESS_T100_SE_REP1_T1_REP1.mLb.clN.sorted.bam.flagstat:md5,be01abbf331ca8f44b61be1f1bbd3228",
            "OSMOTIC_STRESS_T100_SE_REP1_T1_REP1.mLb.clN.sorted.bam.idxstats:md5,9478d154ae3dd84dae284d2113781888",
            "OSMOTIC_STRESS_T100_SE_REP1_T1_REP1.mLb.clN.sorted.bam.stats:md5,8176ed358b9cfe40ba8e325396015e0c",
            "OSMOTIC_STRESS_T100_SE_REP1_T1_REP1.mLb.mkD.sorted.bam.flagstat:md5,b4d102462f58e94ef84484f02ad437a9",
            "OSMOTIC_STRESS_T100_SE_REP1_T1_REP1.mLb.mkD.sorted.bam.idxstats:md5,2391e959fbb0a090c3a55c6455041d94",
            "OSMOTIC_STRESS_T100_SE_REP1_T1_REP1.mLb.mkD.sorted.bam.stats:md5,12349ddd7720e75c621cb4da6d1012c8"
        ],
        "timestamp": "2023-10-30T11:48:43+0000"
    },
    "multiqc": {
        "content": [
            "mqc_cutadapt_filtered_reads_plot_1.txt:md5,c2b9d483643e46587308a350812c3d49",
            "mqc_cutadapt_trimmed_sequences_plot_3_Counts.txt:md5,9418d410b39ead98cd9561561804bb3a",
            "mqc_cutadapt_trimmed_sequences_plot_3_Obs_Exp.txt:md5,af27e542d3356c962e214b77f881dcf9",
            "mqc_fastqc_adapter_content_plot_1.txt:md5,51368e06eb27add6197b3af79add1358",
            "mqc_fastqc_per_base_n_content_plot-2_1.txt:md5,45ea77b577324c49bd531f68e1b8f559",
            "mqc_fastqc_per_base_n_content_plot_1.txt:md5,43ca15366c8f0cba2f739095230c0c26",
            "mqc_fastqc_per_base_sequence_quality_plot-2_1.txt:md5,e26a5079581ced54e3317f580697913b",
            "mqc_fastqc_per_base_sequence_quality_plot_1.txt:md5,1d70258da27fc92977975be5475ae758",
            "mqc_fastqc_per_sequence_gc_content_plot-2_Counts.txt:md5,eae7451c0f54dee293b8e5735cf20f4c",
            "mqc_fastqc_per_sequence_gc_content_plot-2_Percentages.txt:md5,e59fcdee359cf17f9bf043fad305949e",
            "mqc_fastqc_per_sequence_gc_content_plot_Counts.txt:md5,5168a17f6ecdd36a405f4abaca5a30b3",
            "mqc_fastqc_per_sequence_gc_content_plot_Percentages.txt:md5,1ea6188ea9219f0cd523468d9315b549",
            "mqc_fastqc_per_sequence_quality_scores_plot-2_1.txt:md5,b1684792fd6982e16c12c414d688b49e",
            "mqc_fastqc_per_sequence_quality_scores_plot_1.txt:md5,8377488fadadb5c2d18e680cb55651a6",
            "mqc_fastqc_sequence_counts_plot-2_1.txt:md5,a1743aec155ed56cdc85b00e8c9158ab",
            "mqc_fastqc_sequence_counts_plot_1.txt:md5,e62adf76e2f6901815495c068cacdd81",
            "mqc_fastqc_sequence_duplication_levels_plot-2_1.txt:md5,c3b180dc551a463c148e3baaaa17e92f",
            "mqc_fastqc_sequence_duplication_levels_plot_1.txt:md5,30482591d7076527dcfe9ac470c53694",
            "mqc_fastqc_sequence_length_distribution_plot_1.txt:md5,cc6f220ecc9fb4d25bfc0c6fae89c5bf",
            "mqc_featureCounts_assignment_plot_1.txt:md5,945eac65e86a34f5b10b917f38d422f1",
            "mqc_picard_alignment_readlength_plot_1.txt:md5,1e453f85945185ba897276fe7a2a31fc",
            "mqc_picard_alignment_summary__name_Aligned_Bases_ylab_Bases_cpswitch_counts_label_Number_of_Bases_.txt:md5,bbd7764f606ea28e149d0231f8efe36e",
            "mqc_picard_alignment_summary__name_Aligned_Reads_ylab_Reads_cpswitch_counts_label_Number_of_Reads_.txt:md5,69031c0701a91234da334e58d89811bb",
            "mqc_picard_base_distribution_by_cycle__Adenine.txt:md5,c3291b4dfa974940feb7700400f262fe",
            "mqc_picard_base_distribution_by_cycle__Cytosine.txt:md5,6c34ced4c9b2109969b871f8287592d5",
            "mqc_picard_base_distribution_by_cycle__Guanine.txt:md5,21b8f8ed3390e3918f81599e931ef637",
            "mqc_picard_base_distribution_by_cycle__Thymine.txt:md5,e4ccad3cec09981b19355716c0d295ca",
            "mqc_picard_base_distribution_by_cycle__Undetermined.txt:md5,7538d081521a2b97b9adbcc794abe99d",
            "mqc_picard_deduplication_1.txt:md5,0da64f92d260d0cdd62ab971d980a63a",
            "mqc_picard_insert_size_Counts.txt:md5,008f0bd73eee81a36ab133d494fa924e",
            "mqc_picard_insert_size_Percentages.txt:md5,b28bcfa736f9f129df7ea2157b05f9e2",
            "mqc_picard_quality_by_cycle_1.txt:md5,0f5883c9ebc765e3597556ab9353b401",
            "mqc_picard_quality_score_distribution_1.txt:md5,156726bf15d56c4fc72928907437b7a7",
            "mqc_samtools-idxstats-mapped-reads-plot-2_Normalised_Counts.txt:md5,161c62e88715504e571404ef9725768f",
            "mqc_samtools-idxstats-mapped-reads-plot-2_Observed_over_Expected_Counts.txt:md5,57d2cf443cee6cbe39fd7b7d079760df",
            "mqc_samtools-idxstats-mapped-reads-plot-2_Raw_Counts.txt:md5,6925d47a38d277cee0fb807f91e2f5b8",
            "mqc_samtools-idxstats-mapped-reads-plot-3_Normalised_Counts.txt:md5,288885e553bb1574eba867ee6f2f5a59",
            "mqc_samtools-idxstats-mapped-reads-plot-3_Observed_over_Expected_Counts.txt:md5,c54efd58ff99229034e7b0e23b34bc49",
            "mqc_samtools-idxstats-mapped-reads-plot-3_Raw_Counts.txt:md5,01b97efa209bfa4b5014c55d3671ccd6",
            "mqc_samtools-idxstats-mapped-reads-plot_Normalised_Counts.txt:md5,a1fc96d44cdf6014ac30ba11a7cb82e1",
            "mqc_samtools-idxstats-mapped-reads-plot_Observed_over_Expected_Counts.txt:md5,449bac3b1d4701294f77b6b72ecaf6b7",
            "mqc_samtools-idxstats-mapped-reads-plot_Raw_Counts.txt:md5,5b5388b4055e3dd66cc740dea874af38",
            "mqc_samtools_alignment_plot-2_1.txt:md5,178c31531e30a3830030562e949a717e",
            "mqc_samtools_alignment_plot-3_1.txt:md5,6944191b388cd7b7c25561da86d6ddc1",
            "mqc_samtools_alignment_plot_1.txt:md5,16912d9583b8c18882c2045a661a1158",
            "multiqc_citations.txt:md5,d0f92c1b6f9ee973458435328725fd3c",
            "multiqc_cutadapt.txt:md5,e1ba11877dc399b4f4c388975051fe78",
            "multiqc_fastqc.txt:md5,7868aed2e3b5aba9148d2cf8ed9804e7",
            "multiqc_fastqc_1.txt:md5,9d88840a4a05b9aec3a6083e0ccc9dc5",
            "multiqc_featureCounts_mlib_featurecounts.txt:md5,510c660aee57d074f2f0cce6670631bd",
            "multiqc_mlib_frip_score-plot.txt:md5,83832da17a9ee18d99140f6ab1887685",
            "multiqc_mlib_peak_annotation-plot.txt:md5,6e249498f2080bfbe1e46caeccf8c6b0",
            "multiqc_mlib_peak_count-plot.txt:md5,5f90c57ab26bd458d8d776f9bd30baf9",
            "multiqc_picard_AlignmentSummaryMetrics.txt:md5,8ea7ba3e0c6dfb0525605696d6e990d8",
            "multiqc_picard_baseContent.txt:md5,a92f15eff576add508b400aa59785d0e",
            "multiqc_picard_dups.txt:md5,e9a14c3ae7ce17fda10642c0f2abb1df",
            "multiqc_picard_insertSize.txt:md5,b8f0db072ee2e8b88d0d0d85c5ab1b4d",
            "multiqc_picard_quality_by_cycle.txt:md5,f7906893fa9366afaa5c2af46560e7cc",
            "multiqc_picard_quality_score_distribution.txt:md5,a17d0a32cb268154d06a26d4e7d67446",
            "multiqc_samtools_flagstat.txt:md5,447878c787d7155b079d9f3944e370b9",
            "multiqc_samtools_flagstat_1.txt:md5,480c5677c851331182a28a390615297e",
            "multiqc_samtools_flagstat_2.txt:md5,423705a01c07501acdd01e1823d7f45c",
            "multiqc_samtools_idxstats.txt:md5,3c0e2aca09524d695446fe2ed888bdf7",
            "multiqc_samtools_idxstats_1.txt:md5,4db64cd45cc253f24292566b56688f37",
            "multiqc_samtools_idxstats_2.txt:md5,a7212fc5b7a499d94565761c798780df",
            "multiqc_samtools_stats.txt:md5,fe7d31b04abbf4d071f9dd89cdd1ca34",
            "multiqc_samtools_stats_1.txt:md5,b48ddd8554cd2d9b02cc938cca68e0df",
            "multiqc_samtools_stats_2.txt:md5,bf6a6ae5e703d6fc5a2bf10dfec0193c",
            "picard_histogram.txt:md5,c9aa8a5ac6841ffb3a6cc2de45b44797",
            "picard_histogram_1.txt:md5,c9aa8a5ac6841ffb3a6cc2de45b44797",
            "picard_histogram_2.txt:md5,c9aa8a5ac6841ffb3a6cc2de45b44797",
            "picard_histogram_3.txt:md5,f7906893fa9366afaa5c2af46560e7cc",
            "picard_histogram_4.txt:md5,a17d0a32cb268154d06a26d4e7d67446",
            "picard_histogram_5.txt:md5,c9aa8a5ac6841ffb3a6cc2de45b44797",
            "picard_histogram_mrep_picard.txt:md5,c9aa8a5ac6841ffb3a6cc2de45b44797",
            "picard_histogram_mrep_picard_1.txt:md5,c9aa8a5ac6841ffb3a6cc2de45b44797",
            "picard_histogram_mrep_picard_2.txt:md5,c9aa8a5ac6841ffb3a6cc2de45b44797",
            "mqc_cutadapt_filtered_reads_plot_1.png:md5,46995c3b81cc3db68eaed655492c9249",
            "mqc_cutadapt_filtered_reads_plot_1_pc.png:md5,27fcf56bd64faf712f09de32bc6d56c2",
            "mqc_cutadapt_trimmed_sequences_plot_3_Counts.png:md5,62a33ba87e255c4252475e2384e4afbb",
            "mqc_cutadapt_trimmed_sequences_plot_3_Obs_Exp.png:md5,0fbe167b321f7620c32107923d74ee52",
            "mqc_fastqc_adapter_content_plot_1.png:md5,e424927e7ba957d98ffc7743012dba98",
            "mqc_fastqc_per_base_n_content_plot-2_1.png:md5,96732c2048a8d06dddd22af2e4dfb929",
            "mqc_fastqc_per_base_n_content_plot_1.png:md5,72a12f6655a7600d4f2c0b2cd1b1e0a1",
            "mqc_fastqc_per_base_sequence_quality_plot-2_1.png:md5,f3e4e99ac71aa295d73a0f1493fc2f4b",
            "mqc_fastqc_per_base_sequence_quality_plot_1.png:md5,9dacf6e6cf29e967dd5e2f4c214d6829",
            "mqc_fastqc_per_sequence_gc_content_plot-2_Counts.png:md5,441168b7eab43d9c16dbb130b2f01a19",
            "mqc_fastqc_per_sequence_gc_content_plot-2_Percentages.png:md5,0bb3d076adc73ebb0fce37f90aab72fa",
            "mqc_fastqc_per_sequence_gc_content_plot_Counts.png:md5,c42074f14c106f5b17bfec5e8e43134c",
            "mqc_fastqc_per_sequence_gc_content_plot_Percentages.png:md5,8aba817a010607ce9bd910d165917bde",
            "mqc_fastqc_per_sequence_quality_scores_plot-2_1.png:md5,f2027a1e9df5df5f8185fec13356bc4c",
            "mqc_fastqc_per_sequence_quality_scores_plot_1.png:md5,98fa7f5aff9dc3333fdd9fb1cf1f0a6e",
            "mqc_fastqc_sequence_counts_plot-2_1.png:md5,4c8bbd923dbf8cdb2cf06867cd29271c",
            "mqc_fastqc_sequence_counts_plot-2_1_pc.png:md5,baaedd3805bdd1349453b11f0ba4f14b",
            "mqc_fastqc_sequence_counts_plot_1.png:md5,c41a66b99bfcb3c68c879d7238d66ed0",
            "mqc_fastqc_sequence_counts_plot_1_pc.png:md5,6e142f5e32ab09088f2d5dd2158182ac",
            "mqc_fastqc_sequence_duplication_levels_plot-2_1.png:md5,e0beec643af5276ee175756dd1c78830",
            "mqc_fastqc_sequence_duplication_levels_plot_1.png:md5,9fd50796ced2ccff7c01c275f3f20876",
            "mqc_fastqc_sequence_length_distribution_plot_1.png:md5,ae0c987cd63178bbe3ef80546a9ba39a",
            "mqc_featureCounts_assignment_plot_1.png:md5,f8f7872dc647ccf65a9466a32b29d2d2",
            "mqc_featureCounts_assignment_plot_1_pc.png:md5,d07e6141f12992df8be0b6e76ffc7e30",
            "mqc_mlib_frip_score-plot_1.png:md5,c3a126b3eddb78256fda80738c20236c",
            "mqc_mlib_peak_annotation-plot_1.png:md5,a0393a6a01ec68a9d57a010934e60ba7",
            "mqc_mlib_peak_annotation-plot_1_pc.png:md5,8139d3d096f7c21bad51e116b076d220",
            "mqc_mlib_peak_count-plot_1.png:md5,833712a34e8b71026f0aecf12c115f83",
            "mqc_picard_alignment_readlength_plot_1.png:md5,76d5845e406d6f6bbb51ca47c1f09b77",
            "mqc_picard_alignment_summary__name_Aligned_Bases_ylab_Bases_cpswitch_counts_label_Number_of_Bases_.png:md5,89ac1823c7efe60710a36ccae5037ee1",
            "mqc_picard_alignment_summary__name_Aligned_Bases_ylab_Bases_cpswitch_counts_label_Number_of_Bases__pc.png:md5,c993f47d831acf9fcabe2df51c6d3fab",
            "mqc_picard_alignment_summary__name_Aligned_Reads_ylab_Reads_cpswitch_counts_label_Number_of_Reads_.png:md5,dd3f9c2970586d0c7d775c0c07be69ac",
            "mqc_picard_alignment_summary__name_Aligned_Reads_ylab_Reads_cpswitch_counts_label_Number_of_Reads__pc.png:md5,6dcecfa178ac4212b891be0004404062",
            "mqc_picard_base_distribution_by_cycle__Adenine.png:md5,c4848aae4e81d9b6ad91934cf8b38187",
            "mqc_picard_base_distribution_by_cycle__Cytosine.png:md5,e20a93d72380a571c82040982b53c4fe",
            "mqc_picard_base_distribution_by_cycle__Guanine.png:md5,3ec9191374b6558bbcc3e9aaeddef900",
            "mqc_picard_base_distribution_by_cycle__Thymine.png:md5,4d1567d3fbc299ed46656bf6c70cd8e0",
            "mqc_picard_base_distribution_by_cycle__Undetermined.png:md5,7094305fe2120edd2f8eebb9c0e6f3f6",
            "mqc_picard_deduplication_1.png:md5,58e608e9ed3f80bb5d9274857f66f924",
            "mqc_picard_deduplication_1_pc.png:md5,37b3dd4f93c9ec1080b2471e10a052ba",
            "mqc_picard_insert_size_Counts.png:md5,caad705b6d8c2d35871e0a976c2032e4",
            "mqc_picard_insert_size_Percentages.png:md5,4de0cc3334cfdadfa5eb9d71a3007ecf",
            "mqc_picard_quality_by_cycle_1.png:md5,e783fdde437146f0970338ebcc0022ff",
            "mqc_picard_quality_score_distribution_1.png:md5,f06cf6148b94e27425cca5a48526263f",
            "mqc_samtools-idxstats-mapped-reads-plot-2_Normalised_Counts.png:md5,a1107ef103be04397facf4c938b86bbd",
            "mqc_samtools-idxstats-mapped-reads-plot-2_Observed_over_Expected_Counts.png:md5,7943fa1efe75537cb523b714d6c0799d",
            "mqc_samtools-idxstats-mapped-reads-plot-2_Raw_Counts.png:md5,e5cc2c639ad115b438f8a273779cde20",
            "mqc_samtools-idxstats-mapped-reads-plot-3_Normalised_Counts.png:md5,f9087a23d871ba8d2819a0491329a66f",
            "mqc_samtools-idxstats-mapped-reads-plot-3_Observed_over_Expected_Counts.png:md5,e1319554f333a198e22dc27c739f8806",
            "mqc_samtools-idxstats-mapped-reads-plot-3_Raw_Counts.png:md5,183c6daa32e5593f57992c0930f73295",
            "mqc_samtools-idxstats-mapped-reads-plot_Normalised_Counts.png:md5,609c8975cae5c80227eb8286f7a2d820",
            "mqc_samtools-idxstats-mapped-reads-plot_Observed_over_Expected_Counts.png:md5,49f6a75a50151681032dcbc9c711a1a6",
            "mqc_samtools-idxstats-mapped-reads-plot_Raw_Counts.png:md5,b0430504744b9c7912e1aa80411fe2cb",
            "mqc_samtools_alignment_plot-2_1.png:md5,1965a9124eb6fa083ec89b99113d1ba3",
            "mqc_samtools_alignment_plot-2_1_pc.png:md5,41edaf2196e614497cb8a601e3c9386c",
            "mqc_samtools_alignment_plot-3_1.png:md5,9e0e43939400e2ad77d978137199ffb9",
            "mqc_samtools_alignment_plot-3_1_pc.png:md5,ea80d456a34599fb1a306931d6965608",
            "mqc_samtools_alignment_plot_1.png:md5,d4a695dc73b68a04dcef06400d4b0800",
            "mqc_samtools_alignment_plot_1_pc.png:md5,ed9e0ecbd7aa6c0c86a356cc507b9c16"
        ],
        "timestamp": "2023-10-30T11:48:43+0000"
    },
    "pipeline_info": {
        "content": [
            "samplesheet.valid.csv:md5,c4ab55fd2c51996ce254b111ce64c8b5"
        ],
        "timestamp": "2023-10-30T11:48:43+0000"
    }
}